// Jest Snapshot v1, https://goo.gl/fbAQLP

exports[`Test Gif Item component should render GifItem component 1`] = `
<div
  className="card animate__animated animate__zoomIn"
>
  <img
    alt="title"
    src="http://theurl.com"
  />
  <p>
    title
  </p>
</div>
`;
